Running Gradle task 'assembleRelease'...                        
Running Gradle task 'assembleRelease'...                           80.7s
